// Jest Snapshot v1, https://goo.gl/fbAQLP

exports[`should render ExpenseListItem with data 1`] = `<div />`;
