// Jest Snapshot v1, https://goo.gl/fbAQLP

exports[`should render LoginPage correctly 1`] = `
<div>
  <h2>
    Login
  </h2>
  <button>
    Login With Google
  </button>
</div>
`;
